Usage: fthc [OPTIONS] ... FILE
Options:
  -i      Interpret file
